******************************************************************************
                  MSP430 Linker PC v16.9.4                     
******************************************************************************
>> Linked Tue Apr 24 23:44:50 2018

OUTPUT FILE NAME:   <Buck_Converter_Control.out>
ENTRY POINT SYMBOL: "_c_int00_noargs_noexit"  address: 0000ccf6


MEMORY CONFIGURATION

         name            origin    length      used     unused   attr    fill
----------------------  --------  ---------  --------  --------  ----  --------
  SFR                   00000000   00000010  00000000  00000010  RWIX
  PERIPHERALS_8BIT      00000010   000000f0  00000000  000000f0  RWIX
  PERIPHERALS_16BIT     00000100   00000100  00000000  00000100  RWIX
  RAM                   00000200   00000200  0000006a  00000196  RWIX
  INFOD                 00001000   00000040  00000000  00000040  RWIX
  INFOC                 00001040   00000040  00000000  00000040  RWIX
  INFOB                 00001080   00000040  00000000  00000040  RWIX
  INFOA                 000010c0   00000040  00000000  00000040  RWIX
  FLASH                 0000c000   00003fde  00000dce  00003210  RWIX
  BSLSIGNATURE          0000ffde   00000002  00000002  00000000  RWIX  ffff 
  INT00                 0000ffe0   00000002  00000002  00000000  RWIX
  INT01                 0000ffe2   00000002  00000000  00000002  RWIX
  INT02                 0000ffe4   00000002  00000002  00000000  RWIX
  INT03                 0000ffe6   00000002  00000002  00000000  RWIX
  INT04                 0000ffe8   00000002  00000000  00000002  RWIX
  INT05                 0000ffea   00000002  00000002  00000000  RWIX
  INT06                 0000ffec   00000002  00000002  00000000  RWIX
  INT07                 0000ffee   00000002  00000002  00000000  RWIX
  INT08                 0000fff0   00000002  00000002  00000000  RWIX
  INT09                 0000fff2   00000002  00000002  00000000  RWIX
  INT10                 0000fff4   00000002  00000002  00000000  RWIX
  INT11                 0000fff6   00000002  00000002  00000000  RWIX
  INT12                 0000fff8   00000002  00000002  00000000  RWIX
  INT13                 0000fffa   00000002  00000002  00000000  RWIX
  INT14                 0000fffc   00000002  00000002  00000000  RWIX
  RESET                 0000fffe   00000002  00000002  00000000  RWIX


SECTION ALLOCATION MAP

 output                                  attributes/
section   page    origin      length       input sections
--------  ----  ----------  ----------   ----------------
.data      0    00000200    0000001a     UNINITIALIZED
                  00000200    0000001a     main.obj (.data)

.stack     0    000003b0    00000050     UNINITIALIZED
                  000003b0    00000002     rts430_eabi.lib : boot.obj (.stack)
                  000003b2    0000004e     --HOLE--

.text      0    0000c000    00000dba     
                  0000c000    00000480     rts430_eabi.lib : frcdivd.obj (.text:__TI_frcdivd)
                  0000c480    00000238                     : divd.obj (.text:__mspabi_divd)
                  0000c6b8    000000ac                     : fltlid.obj (.text:__mspabi_fltlid)
                  0000c764    0000007c                     : copy_decompress_lzss.obj (.text:decompress:lzss:__TI_decompress_lzss)
                  0000c7e0    00000072                     : fixdli.obj (.text:__mspabi_fixdli)
                  0000c852    0000006e                     : autoinit.obj (.text:_auto_init)
                  0000c8c0    0000006a     main.obj (.text:ADC10Interrupt)
                  0000c92a    0000005c     rts430_eabi.lib : lsr32.obj (.text:l_lsr_const)
                  0000c986    0000005a                     : cpy_tbl.obj (.text:copy_in)
                  0000c9e0    00000058     main.obj (.text:main)
                  0000ca38    0000004c     rts430_eabi.lib : lsr16.obj (.text)
                  0000ca84    00000048     main.obj (.text:pwmUARTInterrupt)
                  0000cacc    00000044     main.obj (.text:setUpUART)
                  0000cb10    0000003e     rts430_eabi.lib : asr32.obj (.text:l_asr_const)
                  0000cb4e    0000003e                     : lsl32.obj (.text:l_lsl_const)
                  0000cb8c    0000002c                     : asr16.obj (.text)
                  0000cbb8    0000002c                     : div16s.obj (.text)
                  0000cbe4    0000002c                     : lsl16.obj (.text)
                  0000cc10    00000028                     : fixdi.obj (.text:__mspabi_fixdi)
                  0000cc38    00000026                     : mult32.obj (.text)
                  0000cc5e    00000026     main.obj (.text:setUpPWM)
                  0000cc84    00000020     main.obj (.text:setUpTimerA0)
                  0000cca4    0000001e     main.obj (.text:USCI0RX_ISR)
                  0000ccc2    0000001a     main.obj (.text:ADC10_ISR)
                  0000ccdc    0000001a     main.obj (.text:Timer_A)
                  0000ccf6    0000001a     rts430_eabi.lib : boot_special.obj (.text:_c_int00_noargs_noexit)
                  0000cd10    00000016                     : div16u.obj (.text)
                  0000cd26    00000014                     : mult16.obj (.text)
                  0000cd3a    00000012                     : copy_decompress_none.obj (.text:decompress:none:__TI_decompress_none)
                  0000cd4c    00000012                     : lsr32.obj (.text:l_lsr)
                  0000cd5e    00000012                     : memcpy.obj (.text:memcpy)
                  0000cd70    00000010                     : epilog.obj (.text)
                  0000cd80    0000000e     main.obj (.text:setUpADC)
                  0000cd8e    0000000c     rts430_eabi.lib : fltid.obj (.text:__mspabi_fltid)
                  0000cd9a    0000000c     main.obj (.text:timerA0Interrupt)
                  0000cda6    00000008     rts430_eabi.lib : isr_trap.obj (.text:_isr:__TI_ISR_TRAP)
                  0000cdae    00000006                     : exit.obj (.text:abort)
                  0000cdb4    00000004                     : pre_init.obj (.text:_system_pre_init)
                  0000cdb8    00000002                     : startup.obj (.text:_system_post_cinit)

.cinit     0    0000cdba    00000014     
                  0000cdba    0000000c     (.cinit..data.load) [load image, compression = lzss]
                  0000cdc6    00000004     (__TI_handler_table)
                  0000cdca    00000004     (__TI_cinit_table)

.binit     0    0000c000    00000000     

.init_array 
*          0    0000c000    00000000     UNINITIALIZED

TRAPINT    0    0000ffe0    00000002     
                  0000ffe0    00000002     rts430_eabi.lib : int00.obj (.int00)

$fill000   0    0000ffde    00000002     
                  0000ffde    00000002     --HOLE-- [fill = ffff]

PORT1      0    0000ffe4    00000002     
                  0000ffe4    00000002     rts430_eabi.lib : int02.obj (.int02)

PORT2      0    0000ffe6    00000002     
                  0000ffe6    00000002     rts430_eabi.lib : int03.obj (.int03)

ADC10      0    0000ffea    00000002     
                  0000ffea    00000002     main.obj (.int05)

USCIAB0TX 
*          0    0000ffec    00000002     
                  0000ffec    00000002     rts430_eabi.lib : int06.obj (.int06)

USCIAB0RX 
*          0    0000ffee    00000002     
                  0000ffee    00000002     main.obj (.int07)

TIMER0_A1 
*          0    0000fff0    00000002     
                  0000fff0    00000002     rts430_eabi.lib : int08.obj (.int08)

TIMER0_A0 
*          0    0000fff2    00000002     
                  0000fff2    00000002     main.obj (.int09)

WDT        0    0000fff4    00000002     
                  0000fff4    00000002     rts430_eabi.lib : int10.obj (.int10)

COMPARATORA 
*          0    0000fff6    00000002     
                  0000fff6    00000002     rts430_eabi.lib : int11.obj (.int11)

TIMER1_A1 
*          0    0000fff8    00000002     
                  0000fff8    00000002     rts430_eabi.lib : int12.obj (.int12)

TIMER1_A0 
*          0    0000fffa    00000002     
                  0000fffa    00000002     rts430_eabi.lib : int13.obj (.int13)

NMI        0    0000fffc    00000002     
                  0000fffc    00000002     rts430_eabi.lib : int14.obj (.int14)

.reset     0    0000fffe    00000002     
                  0000fffe    00000002     rts430_eabi.lib : boot.obj (.reset)

MODULE SUMMARY

       Module                     code   ro data   rw data
       ------                     ----   -------   -------
    .\
       main.obj                   512    6         26     
    +--+--------------------------+------+---------+---------+
       Total:                     512    6         26     
                                                          
    C:\ti\ccsv7\tools\compiler\ti-cgt-msp430_16.9.4.LTS\lib\rts430_eabi.lib
       frcdivd.obj                1152   0         0      
       divd.obj                   568    0         0      
       fltlid.obj                 172    0         0      
       copy_decompress_lzss.obj   124    0         0      
       fixdli.obj                 114    0         0      
       autoinit.obj               110    0         0      
       lsr32.obj                  110    0         0      
       cpy_tbl.obj                90     0         0      
       lsr16.obj                  76     0         0      
       asr32.obj                  62     0         0      
       lsl32.obj                  62     0         0      
       asr16.obj                  44     0         0      
       div16s.obj                 44     0         0      
       lsl16.obj                  44     0         0      
       fixdi.obj                  40     0         0      
       mult32.obj                 38     0         0      
       boot_special.obj           26     0         0      
       div16u.obj                 22     0         0      
       mult16.obj                 20     0         0      
       copy_decompress_none.obj   18     0         0      
       memcpy.obj                 18     0         0      
       epilog.obj                 16     0         0      
       fltid.obj                  12     0         0      
       isr_trap.obj               8      0         0      
       exit.obj                   6      0         0      
       pre_init.obj               4      0         0      
       boot.obj                   0      2         0      
       int00.obj                  0      2         0      
       int02.obj                  0      2         0      
       int03.obj                  0      2         0      
       int06.obj                  0      2         0      
       int08.obj                  0      2         0      
       int10.obj                  0      2         0      
       int11.obj                  0      2         0      
       int12.obj                  0      2         0      
       int13.obj                  0      2         0      
       int14.obj                  0      2         0      
       startup.obj                2      0         0      
    +--+--------------------------+------+---------+---------+
       Total:                     3002   22        0      
                                                          
       Stack:                     0      0         80     
       Linker Generated:          0      20        0      
    +--+--------------------------+------+---------+---------+
       Grand Total:               3514   48        106    


LINKER GENERATED COPY TABLES

__TI_cinit_table @ 0000cdca records: 1, size/record: 4, table size: 4
	.data: load addr=0000cdba, load size=0000000c bytes, run addr=00000200, run size=0000001a bytes, compression=lzss


LINKER GENERATED HANDLER TABLE

__TI_handler_table @ 0000cdc6 records: 2, size/record: 2, table size: 4
	index: 0, handler: __TI_decompress_lzss
	index: 1, handler: __TI_decompress_none


GLOBAL SYMBOLS: SORTED ALPHABETICALLY BY Name 

address   name                    
-------   ----                    
0000004a  ADC10AE0                
000001b0  ADC10CTL0               
000001b2  ADC10CTL1               
00000048  ADC10DTC0               
00000049  ADC10DTC1               
0000c8c0  ADC10Interrupt          
000001b4  ADC10MEM                
000001bc  ADC10SA                 
0000ccc2  ADC10_ISR               
00000057  BCSCTL1                 
00000058  BCSCTL2                 
00000053  BCSCTL3                 
0000cdae  C$$EXIT                 
00000059  CACTL1                  
0000005a  CACTL2                  
000010fb  CALBC1_12MHZ            
000010f9  CALBC1_16MHZ            
000010ff  CALBC1_1MHZ             
000010fd  CALBC1_8MHZ             
000010fa  CALDCO_12MHZ            
000010f8  CALDCO_16MHZ            
000010fe  CALDCO_1MHZ             
000010fc  CALDCO_8MHZ             
0000005b  CAPD                    
00000056  DCOCTL                  
00000128  FCTL1                   
0000012a  FCTL2                   
0000012c  FCTL3                   
00000000  IE1                     
00000001  IE2                     
00000002  IFG1                    
00000003  IFG2                    
00000022  P1DIR                   
00000025  P1IE                    
00000024  P1IES                   
00000023  P1IFG                   
00000020  P1IN                    
00000021  P1OUT                   
00000027  P1REN                   
00000026  P1SEL                   
00000041  P1SEL2                  
0000002a  P2DIR                   
0000002d  P2IE                    
0000002c  P2IES                   
0000002b  P2IFG                   
00000028  P2IN                    
00000029  P2OUT                   
0000002f  P2REN                   
0000002e  P2SEL                   
00000042  P2SEL2                  
0000001a  P3DIR                   
00000018  P3IN                    
00000019  P3OUT                   
00000010  P3REN                   
0000001b  P3SEL                   
00000043  P3SEL2                  
00000172  TA0CCR0                 
00000174  TA0CCR1                 
00000176  TA0CCR2                 
00000162  TA0CCTL0                
00000164  TA0CCTL1                
00000166  TA0CCTL2                
00000160  TA0CTL                  
0000012e  TA0IV                   
00000170  TA0R                    
00000192  TA1CCR0                 
00000194  TA1CCR1                 
00000196  TA1CCR2                 
00000182  TA1CCTL0                
00000184  TA1CCTL1                
00000186  TA1CCTL2                
00000180  TA1CTL                  
0000011e  TA1IV                   
00000190  TA1R                    
000010db  TLV_ADC10_1_LEN         
000010da  TLV_ADC10_1_TAG         
000010c0  TLV_CHECKSUM            
000010f7  TLV_DCO_30_LEN          
000010f6  TLV_DCO_30_TAG          
0000ccdc  Timer_A                 
0000005d  UCA0ABCTL               
00000062  UCA0BR0                 
00000063  UCA0BR1                 
00000060  UCA0CTL0                
00000061  UCA0CTL1                
0000005f  UCA0IRRCTL              
0000005e  UCA0IRTCTL              
00000064  UCA0MCTL                
00000066  UCA0RXBUF               
00000065  UCA0STAT                
00000067  UCA0TXBUF               
0000006a  UCB0BR0                 
0000006b  UCB0BR1                 
00000068  UCB0CTL0                
00000069  UCB0CTL1                
0000006c  UCB0I2CIE               
00000118  UCB0I2COA               
0000011a  UCB0I2CSA               
0000006e  UCB0RXBUF               
0000006d  UCB0STAT                
0000006f  UCB0TXBUF               
0000cca4  USCI0RX_ISR             
00000120  WDTCTL                  
00000400  __STACK_END             
00000050  __STACK_SIZE            
UNDEFED   __TI_BINIT_Base         
UNDEFED   __TI_BINIT_Limit        
0000cdca  __TI_CINIT_Base         
0000cdce  __TI_CINIT_Limit        
0000cdc6  __TI_Handler_Table_Base 
0000cdca  __TI_Handler_Table_Limit
UNDEFED   __TI_INITARRAY_Base     
UNDEFED   __TI_INITARRAY_Limit    
0000cda6  __TI_ISR_TRAP           
0000c764  __TI_decompress_lzss    
0000cd3a  __TI_decompress_none    
0000c000  __TI_frcdivd            
0000ffe0  __TI_int00              
0000ffe4  __TI_int02              
0000ffe6  __TI_int03              
0000ffea  __TI_int05              
0000ffec  __TI_int06              
0000ffee  __TI_int07              
0000fff0  __TI_int08              
0000fff2  __TI_int09              
0000fff4  __TI_int10              
0000fff6  __TI_int11              
0000fff8  __TI_int12              
0000fffa  __TI_int13              
0000fffc  __TI_int14              
ffffffff  __TI_pprof_out_hndl     
ffffffff  __TI_prof_data_size     
ffffffff  __TI_prof_data_start    
ffffffff  __c_args__              
0000c480  __mspabi_divd           
0000cbb8  __mspabi_divi           
0000cd10  __mspabi_divu           
0000cc10  __mspabi_fixdi          
0000c7e0  __mspabi_fixdli         
0000cd8e  __mspabi_fltid          
0000c6b8  __mspabi_fltlid         
0000cd7c  __mspabi_func_epilog_1  
0000cd7a  __mspabi_func_epilog_2  
0000cd78  __mspabi_func_epilog_3  
0000cd76  __mspabi_func_epilog_4  
0000cd74  __mspabi_func_epilog_5  
0000cd72  __mspabi_func_epilog_6  
0000cd70  __mspabi_func_epilog_7  
0000cd26  __mspabi_mpyi           
0000cd26  __mspabi_mpyi_sw        
0000cc38  __mspabi_mpyl           
0000cc38  __mspabi_mpyl_sw        
0000cbb8  __mspabi_remi           
0000cd10  __mspabi_remu           
0000cbe4  __mspabi_slli           
0000cc0c  __mspabi_slli_1         
0000cbfa  __mspabi_slli_10        
0000cbf8  __mspabi_slli_11        
0000cbf6  __mspabi_slli_12        
0000cbf4  __mspabi_slli_13        
0000cbf2  __mspabi_slli_14        
0000cbf0  __mspabi_slli_15        
0000cc0a  __mspabi_slli_2         
0000cc08  __mspabi_slli_3         
0000cc06  __mspabi_slli_4         
0000cc04  __mspabi_slli_5         
0000cc02  __mspabi_slli_6         
0000cc00  __mspabi_slli_7         
0000cbfe  __mspabi_slli_8         
0000cbfc  __mspabi_slli_9         
0000cb86  __mspabi_slll_1         
0000cb62  __mspabi_slll_10        
0000cb5e  __mspabi_slll_11        
0000cb5a  __mspabi_slll_12        
0000cb56  __mspabi_slll_13        
0000cb52  __mspabi_slll_14        
0000cb4e  __mspabi_slll_15        
0000cb82  __mspabi_slll_2         
0000cb7e  __mspabi_slll_3         
0000cb7a  __mspabi_slll_4         
0000cb76  __mspabi_slll_5         
0000cb72  __mspabi_slll_6         
0000cb6e  __mspabi_slll_7         
0000cb6a  __mspabi_slll_8         
0000cb66  __mspabi_slll_9         
0000cb8c  __mspabi_srai           
0000cbb4  __mspabi_srai_1         
0000cba2  __mspabi_srai_10        
0000cba0  __mspabi_srai_11        
0000cb9e  __mspabi_srai_12        
0000cb9c  __mspabi_srai_13        
0000cb9a  __mspabi_srai_14        
0000cb98  __mspabi_srai_15        
0000cbb2  __mspabi_srai_2         
0000cbb0  __mspabi_srai_3         
0000cbae  __mspabi_srai_4         
0000cbac  __mspabi_srai_5         
0000cbaa  __mspabi_srai_6         
0000cba8  __mspabi_srai_7         
0000cba6  __mspabi_srai_8         
0000cba4  __mspabi_srai_9         
0000cb48  __mspabi_sral_1         
0000cb24  __mspabi_sral_10        
0000cb20  __mspabi_sral_11        
0000cb1c  __mspabi_sral_12        
0000cb18  __mspabi_sral_13        
0000cb14  __mspabi_sral_14        
0000cb10  __mspabi_sral_15        
0000cb44  __mspabi_sral_2         
0000cb40  __mspabi_sral_3         
0000cb3c  __mspabi_sral_4         
0000cb38  __mspabi_sral_5         
0000cb34  __mspabi_sral_6         
0000cb30  __mspabi_sral_7         
0000cb2c  __mspabi_sral_8         
0000cb28  __mspabi_sral_9         
0000ca38  __mspabi_srli           
0000ca7e  __mspabi_srli_1         
0000ca5a  __mspabi_srli_10        
0000ca56  __mspabi_srli_11        
0000ca52  __mspabi_srli_12        
0000ca4e  __mspabi_srli_13        
0000ca4a  __mspabi_srli_14        
0000ca46  __mspabi_srli_15        
0000ca7a  __mspabi_srli_2         
0000ca76  __mspabi_srli_3         
0000ca72  __mspabi_srli_4         
0000ca6e  __mspabi_srli_5         
0000ca6a  __mspabi_srli_6         
0000ca66  __mspabi_srli_7         
0000ca62  __mspabi_srli_8         
0000ca5e  __mspabi_srli_9         
0000cd4c  __mspabi_srll           
0000c97e  __mspabi_srll_1         
0000c948  __mspabi_srll_10        
0000c942  __mspabi_srll_11        
0000c93c  __mspabi_srll_12        
0000c936  __mspabi_srll_13        
0000c930  __mspabi_srll_14        
0000c92a  __mspabi_srll_15        
0000c978  __mspabi_srll_2         
0000c972  __mspabi_srll_3         
0000c96c  __mspabi_srll_4         
0000c966  __mspabi_srll_5         
0000c960  __mspabi_srll_6         
0000c95a  __mspabi_srll_7         
0000c954  __mspabi_srll_8         
0000c94e  __mspabi_srll_9         
0000c852  _auto_init              
0000ccf6  _c_int00_noargs_noexit  
0000fffe  _reset_vector           
000003b0  _stack                  
0000cdb8  _system_post_cinit      
0000cdb4  _system_pre_init        
0000cdae  abort                   
0000c986  copy_in                 
00000214  count                   
0000020e  error                   
00000218  goalout                 
00000216  k                       
0000c9e0  main                    
0000cd5e  memcpy                  
00000206  newVolt                 
00000202  outVolt                 
0000ca84  pwmUARTInterrupt        
00000212  setPoint                
0000cd80  setUpADC                
0000cc5e  setUpPWM                
0000cc84  setUpTimerA0            
0000cacc  setUpUART               
0000cd9a  timerA0Interrupt        
00000200  voltBuf_index           


GLOBAL SYMBOLS: SORTED BY Symbol Address 

address   name                    
-------   ----                    
00000000  IE1                     
00000001  IE2                     
00000002  IFG1                    
00000003  IFG2                    
00000010  P3REN                   
00000018  P3IN                    
00000019  P3OUT                   
0000001a  P3DIR                   
0000001b  P3SEL                   
00000020  P1IN                    
00000021  P1OUT                   
00000022  P1DIR                   
00000023  P1IFG                   
00000024  P1IES                   
00000025  P1IE                    
00000026  P1SEL                   
00000027  P1REN                   
00000028  P2IN                    
00000029  P2OUT                   
0000002a  P2DIR                   
0000002b  P2IFG                   
0000002c  P2IES                   
0000002d  P2IE                    
0000002e  P2SEL                   
0000002f  P2REN                   
00000041  P1SEL2                  
00000042  P2SEL2                  
00000043  P3SEL2                  
00000048  ADC10DTC0               
00000049  ADC10DTC1               
0000004a  ADC10AE0                
00000050  __STACK_SIZE            
00000053  BCSCTL3                 
00000056  DCOCTL                  
00000057  BCSCTL1                 
00000058  BCSCTL2                 
00000059  CACTL1                  
0000005a  CACTL2                  
0000005b  CAPD                    
0000005d  UCA0ABCTL               
0000005e  UCA0IRTCTL              
0000005f  UCA0IRRCTL              
00000060  UCA0CTL0                
00000061  UCA0CTL1                
00000062  UCA0BR0                 
00000063  UCA0BR1                 
00000064  UCA0MCTL                
00000065  UCA0STAT                
00000066  UCA0RXBUF               
00000067  UCA0TXBUF               
00000068  UCB0CTL0                
00000069  UCB0CTL1                
0000006a  UCB0BR0                 
0000006b  UCB0BR1                 
0000006c  UCB0I2CIE               
0000006d  UCB0STAT                
0000006e  UCB0RXBUF               
0000006f  UCB0TXBUF               
00000118  UCB0I2COA               
0000011a  UCB0I2CSA               
0000011e  TA1IV                   
00000120  WDTCTL                  
00000128  FCTL1                   
0000012a  FCTL2                   
0000012c  FCTL3                   
0000012e  TA0IV                   
00000160  TA0CTL                  
00000162  TA0CCTL0                
00000164  TA0CCTL1                
00000166  TA0CCTL2                
00000170  TA0R                    
00000172  TA0CCR0                 
00000174  TA0CCR1                 
00000176  TA0CCR2                 
00000180  TA1CTL                  
00000182  TA1CCTL0                
00000184  TA1CCTL1                
00000186  TA1CCTL2                
00000190  TA1R                    
00000192  TA1CCR0                 
00000194  TA1CCR1                 
00000196  TA1CCR2                 
000001b0  ADC10CTL0               
000001b2  ADC10CTL1               
000001b4  ADC10MEM                
000001bc  ADC10SA                 
00000200  voltBuf_index           
00000202  outVolt                 
00000206  newVolt                 
0000020e  error                   
00000212  setPoint                
00000214  count                   
00000216  k                       
00000218  goalout                 
000003b0  _stack                  
00000400  __STACK_END             
000010c0  TLV_CHECKSUM            
000010da  TLV_ADC10_1_TAG         
000010db  TLV_ADC10_1_LEN         
000010f6  TLV_DCO_30_TAG          
000010f7  TLV_DCO_30_LEN          
000010f8  CALDCO_16MHZ            
000010f9  CALBC1_16MHZ            
000010fa  CALDCO_12MHZ            
000010fb  CALBC1_12MHZ            
000010fc  CALDCO_8MHZ             
000010fd  CALBC1_8MHZ             
000010fe  CALDCO_1MHZ             
000010ff  CALBC1_1MHZ             
0000c000  __TI_frcdivd            
0000c480  __mspabi_divd           
0000c6b8  __mspabi_fltlid         
0000c764  __TI_decompress_lzss    
0000c7e0  __mspabi_fixdli         
0000c852  _auto_init              
0000c8c0  ADC10Interrupt          
0000c92a  __mspabi_srll_15        
0000c930  __mspabi_srll_14        
0000c936  __mspabi_srll_13        
0000c93c  __mspabi_srll_12        
0000c942  __mspabi_srll_11        
0000c948  __mspabi_srll_10        
0000c94e  __mspabi_srll_9         
0000c954  __mspabi_srll_8         
0000c95a  __mspabi_srll_7         
0000c960  __mspabi_srll_6         
0000c966  __mspabi_srll_5         
0000c96c  __mspabi_srll_4         
0000c972  __mspabi_srll_3         
0000c978  __mspabi_srll_2         
0000c97e  __mspabi_srll_1         
0000c986  copy_in                 
0000c9e0  main                    
0000ca38  __mspabi_srli           
0000ca46  __mspabi_srli_15        
0000ca4a  __mspabi_srli_14        
0000ca4e  __mspabi_srli_13        
0000ca52  __mspabi_srli_12        
0000ca56  __mspabi_srli_11        
0000ca5a  __mspabi_srli_10        
0000ca5e  __mspabi_srli_9         
0000ca62  __mspabi_srli_8         
0000ca66  __mspabi_srli_7         
0000ca6a  __mspabi_srli_6         
0000ca6e  __mspabi_srli_5         
0000ca72  __mspabi_srli_4         
0000ca76  __mspabi_srli_3         
0000ca7a  __mspabi_srli_2         
0000ca7e  __mspabi_srli_1         
0000ca84  pwmUARTInterrupt        
0000cacc  setUpUART               
0000cb10  __mspabi_sral_15        
0000cb14  __mspabi_sral_14        
0000cb18  __mspabi_sral_13        
0000cb1c  __mspabi_sral_12        
0000cb20  __mspabi_sral_11        
0000cb24  __mspabi_sral_10        
0000cb28  __mspabi_sral_9         
0000cb2c  __mspabi_sral_8         
0000cb30  __mspabi_sral_7         
0000cb34  __mspabi_sral_6         
0000cb38  __mspabi_sral_5         
0000cb3c  __mspabi_sral_4         
0000cb40  __mspabi_sral_3         
0000cb44  __mspabi_sral_2         
0000cb48  __mspabi_sral_1         
0000cb4e  __mspabi_slll_15        
0000cb52  __mspabi_slll_14        
0000cb56  __mspabi_slll_13        
0000cb5a  __mspabi_slll_12        
0000cb5e  __mspabi_slll_11        
0000cb62  __mspabi_slll_10        
0000cb66  __mspabi_slll_9         
0000cb6a  __mspabi_slll_8         
0000cb6e  __mspabi_slll_7         
0000cb72  __mspabi_slll_6         
0000cb76  __mspabi_slll_5         
0000cb7a  __mspabi_slll_4         
0000cb7e  __mspabi_slll_3         
0000cb82  __mspabi_slll_2         
0000cb86  __mspabi_slll_1         
0000cb8c  __mspabi_srai           
0000cb98  __mspabi_srai_15        
0000cb9a  __mspabi_srai_14        
0000cb9c  __mspabi_srai_13        
0000cb9e  __mspabi_srai_12        
0000cba0  __mspabi_srai_11        
0000cba2  __mspabi_srai_10        
0000cba4  __mspabi_srai_9         
0000cba6  __mspabi_srai_8         
0000cba8  __mspabi_srai_7         
0000cbaa  __mspabi_srai_6         
0000cbac  __mspabi_srai_5         
0000cbae  __mspabi_srai_4         
0000cbb0  __mspabi_srai_3         
0000cbb2  __mspabi_srai_2         
0000cbb4  __mspabi_srai_1         
0000cbb8  __mspabi_divi           
0000cbb8  __mspabi_remi           
0000cbe4  __mspabi_slli           
0000cbf0  __mspabi_slli_15        
0000cbf2  __mspabi_slli_14        
0000cbf4  __mspabi_slli_13        
0000cbf6  __mspabi_slli_12        
0000cbf8  __mspabi_slli_11        
0000cbfa  __mspabi_slli_10        
0000cbfc  __mspabi_slli_9         
0000cbfe  __mspabi_slli_8         
0000cc00  __mspabi_slli_7         
0000cc02  __mspabi_slli_6         
0000cc04  __mspabi_slli_5         
0000cc06  __mspabi_slli_4         
0000cc08  __mspabi_slli_3         
0000cc0a  __mspabi_slli_2         
0000cc0c  __mspabi_slli_1         
0000cc10  __mspabi_fixdi          
0000cc38  __mspabi_mpyl           
0000cc38  __mspabi_mpyl_sw        
0000cc5e  setUpPWM                
0000cc84  setUpTimerA0            
0000cca4  USCI0RX_ISR             
0000ccc2  ADC10_ISR               
0000ccdc  Timer_A                 
0000ccf6  _c_int00_noargs_noexit  
0000cd10  __mspabi_divu           
0000cd10  __mspabi_remu           
0000cd26  __mspabi_mpyi           
0000cd26  __mspabi_mpyi_sw        
0000cd3a  __TI_decompress_none    
0000cd4c  __mspabi_srll           
0000cd5e  memcpy                  
0000cd70  __mspabi_func_epilog_7  
0000cd72  __mspabi_func_epilog_6  
0000cd74  __mspabi_func_epilog_5  
0000cd76  __mspabi_func_epilog_4  
0000cd78  __mspabi_func_epilog_3  
0000cd7a  __mspabi_func_epilog_2  
0000cd7c  __mspabi_func_epilog_1  
0000cd80  setUpADC                
0000cd8e  __mspabi_fltid          
0000cd9a  timerA0Interrupt        
0000cda6  __TI_ISR_TRAP           
0000cdae  C$$EXIT                 
0000cdae  abort                   
0000cdb4  _system_pre_init        
0000cdb8  _system_post_cinit      
0000cdc6  __TI_Handler_Table_Base 
0000cdca  __TI_CINIT_Base         
0000cdca  __TI_Handler_Table_Limit
0000cdce  __TI_CINIT_Limit        
0000ffe0  __TI_int00              
0000ffe4  __TI_int02              
0000ffe6  __TI_int03              
0000ffea  __TI_int05              
0000ffec  __TI_int06              
0000ffee  __TI_int07              
0000fff0  __TI_int08              
0000fff2  __TI_int09              
0000fff4  __TI_int10              
0000fff6  __TI_int11              
0000fff8  __TI_int12              
0000fffa  __TI_int13              
0000fffc  __TI_int14              
0000fffe  _reset_vector           
ffffffff  __TI_pprof_out_hndl     
ffffffff  __TI_prof_data_size     
ffffffff  __TI_prof_data_start    
ffffffff  __c_args__              
UNDEFED   __TI_BINIT_Base         
UNDEFED   __TI_BINIT_Limit        
UNDEFED   __TI_INITARRAY_Base     
UNDEFED   __TI_INITARRAY_Limit    

[272 symbols]
